WARNING: rtl/core/imem.v:26: $readmemh(tests/mixed/prog.hex): Not enough words in the file for the requested range [0:1023].

==========================================
 E-HVGP TEST
==========================================

 Test:                mixed
 Mode:                BASELINE

 Cycles:              45
 Instructions:        19
 Vector instructions: 18
   widening:          6
   narrowing:         3
 Vector micro-ops:    48
 VRF read  accesses:  102
 VRF write accesses:  48
 VRF accesses (tot):  150
 Bank conflicts:      17
   read conflicts:    17
   write conflicts:   0
 Bank stall cycles:   11
 Rename stall cycles: 7

 Topology allocations (start_bank, stride):
   topo 0 = (start 0, stride 1) : 6
   topo 1 = (start 1, stride 1) : 0
   topo 2 = (start 2, stride 1) : 12
   topo 3 = (start 3, stride 1) : 0
   topo 4 = (start 0, stride 3) : 0
   topo 5 = (start 1, stride 3) : 0
   topo 6 = (start 2, stride 3) : 0
   topo 7 = (start 3, stride 3) : 0

 Final vtype = 0x009  vl = 16  vill = 0
==========================================

RESULT: PASS
tb/tb_top.v:158: $finish called at 569000 (1ps)
