WARNING: rtl/core/imem.v:26: $readmemh(tests/stress/prog.hex): Not enough words in the file for the requested range [0:1023].

==========================================
 E-HVGP TEST
==========================================

 Test:                stress
 Mode:                BASELINE

 Cycles:              465
 Instructions:        209
 Vector instructions: 160
   widening:          48
   narrowing:         32
 Vector micro-ops:    448
 VRF read  accesses:  960
 VRF write accesses:  448
 VRF accesses (tot):  1408
 Bank conflicts:      368
   read conflicts:    368
   write conflicts:   0
 Bank stall cycles:   230
 Rename stall cycles: 231

 Topology allocations (start_bank, stride):
   topo 0 = (start 0, stride 1) : 88
   topo 1 = (start 1, stride 1) : 8
   topo 2 = (start 2, stride 1) : 56
   topo 3 = (start 3, stride 1) : 8
   topo 4 = (start 0, stride 3) : 0
   topo 5 = (start 1, stride 3) : 0
   topo 6 = (start 2, stride 3) : 0
   topo 7 = (start 3, stride 3) : 0

 Final vtype = 0x009  vl = 16  vill = 0
==========================================

RESULT: PASS
tb/tb_top.v:158: $finish called at 4769000 (1ps)
