WARNING: rtl/core/imem.v:26: $readmemh(tests/widening/prog.hex): Not enough words in the file for the requested range [0:1023].

==========================================
 E-HVGP TEST
==========================================

 Test:                widening
 Mode:                

 Cycles:              43
 Instructions:        13
 Vector instructions: 12
   widening:          12
   narrowing:         0
 Vector micro-ops:    48
 VRF read  accesses:  96
 VRF write accesses:  48
 VRF accesses (tot):  144
 Bank conflicts:      27
   read conflicts:    26
   write conflicts:   1
 Bank stall cycles:   18
 Rename stall cycles: 6

 Topology allocations (start_bank, stride):
   topo 0 = (start 0, stride 1) : 0
   topo 1 = (start 1, stride 1) : 0
   topo 2 = (start 2, stride 1) : 0
   topo 3 = (start 3, stride 1) : 0
   topo 4 = (start 0, stride 3) : 2
   topo 5 = (start 1, stride 3) : 10
   topo 6 = (start 2, stride 3) : 0
   topo 7 = (start 3, stride 3) : 0

 Final vtype = 0x009  vl = 16  vill = 0
==========================================

RESULT: PASS
tb/tb_top.v:158: $finish called at 549000 (1ps)
